 indexed_lexemes
-----------------
         1541668
(1 row)

 defined_lexemes
-----------------
         1533898
(1 row)

 entity_kind | count
-------------+-------
 concept     | 75849
 edition     |     2
 person      |     2
 taxon       | 17097
 work        |     2
(5 rows)

 subject_object_id |  key  | object_object_id | method
-------------------+-------+------------------+--------
            342580 | other |           144333 | source
            342580 | other |           144788 | source
(2 rows)
